C51 COMPILER V9.55   INIT                                                                  06/14/2018 23:18:53 PAGE 1   


C51 COMPILER V9.55, COMPILATION OF MODULE INIT
OBJECT MODULE PLACED IN .\Objects\init.obj
COMPILER INVOKED BY: C:\Keil_v5\C51\BIN\C51.EXE driver\init.c OPTIMIZE(9,SPEED) BROWSE INCDIR(.\driver;.\F33x;.\RFFC) DE
                    -BUG OBJECTEXTEND PRINT(.\Listings\init.lst) TABS(2) OBJECT(.\Objects\init.obj)

line level    source

   1          /////////////////////////////////////
   2          //  Generated Initialization File  //
   3          /////////////////////////////////////
   4          
   5          #include "compiler_defs.h"
   6          #include "C8051F330_defs.h"
   7          
   8          void PCA_Init()
   9          {
  10   1          PCA0MD    &= ~0x40;
  11   1          PCA0MD    = 0x00;
  12   1      }
  13          // Peripheral specific initialization functions,
  14          // Called from the Init_Device() function
  15          void Timer_Init()
  16          {
  17   1          TCON      = 0x40;
  18   1          TMOD      = 0x20;
  19   1          CKCON     = 0x08;
  20   1          TH1       = 0xCB;
  21   1      }
  22          
  23          void UART_Init()
  24          {
  25   1          SCON0     = 0x10;
  26   1      }
  27          
  28          void Port_IO_Init()
  29          {
  30   1          // P0.0  -  Unassigned,  Push-Pull,  Digital
  31   1          // P0.1  -  Unassigned,  Open-Drain, Digital
  32   1          // P0.2  -  Unassigned,  Open-Drain, Digital
  33   1          // P0.3  -  Unassigned,  Open-Drain, Digital
  34   1          // P0.4  -  TX0 (UART0), Open-Drain, Digital
  35   1          // P0.5  -  RX0 (UART0), Open-Drain, Digital
  36   1          // P0.6  -  Unassigned,  Open-Drain, Digital
  37   1          // P0.7  -  Unassigned,  Open-Drain, Digital
  38   1      
  39   1          // P1.0  -  Unassigned,  Open-Drain, Digital
  40   1          // P1.1  -  Unassigned,  Push-Pull,  Digital
  41   1          // P1.2  -  Unassigned,  Push-Pull,  Digital
  42   1          // P1.3  -  Unassigned,  Push-Pull,  Digital
  43   1          // P1.4  -  Unassigned,  Push-Pull,  Digital
  44   1          // P1.5  -  Unassigned,  Push-Pull,  Digital
  45   1          // P1.6  -  Unassigned,  Push-Pull,  Digital
  46   1          // P1.7  -  Unassigned,  Push-Pull,  Digital
  47   1      
  48   1          P0MDOUT   = 0x31;
  49   1          P1MDOUT   = 0x3E;
  50   1          XBR0      = 0x01;
  51   1          XBR1      = 0x40;
  52   1      }
  53          
  54          void Oscillator_Init()
C51 COMPILER V9.55   INIT                                                                  06/14/2018 23:18:53 PAGE 2   

  55          {
  56   1          OSCICN    = 0x82;
  57   1      }
  58          
  59          void Interrupts_Init()
  60          {
  61   1          IE        = 0x90;
  62   1      }
  63          
  64          // Initialization function for device,
  65          // Call Init_Device() from your main program
  66          void Init_Device(void)
  67          {
  68   1          PCA_Init();
  69   1          Timer_Init();
  70   1          UART_Init();
  71   1          Port_IO_Init();
  72   1          Oscillator_Init();
  73   1          Interrupts_Init();
  74   1      }


MODULE INFORMATION:   STATIC OVERLAYABLE
   CODE SIZE        =     63    ----
   CONSTANT SIZE    =   ----    ----
   XDATA SIZE       =   ----    ----
   PDATA SIZE       =   ----    ----
   DATA SIZE        =   ----    ----
   IDATA SIZE       =   ----    ----
   BIT SIZE         =   ----    ----
END OF MODULE INFORMATION.


C51 COMPILATION COMPLETE.  0 WARNING(S),  0 ERROR(S)
