C51 COMPILER V9.55   SERIAL                                                                06/14/2018 23:18:53 PAGE 1   


C51 COMPILER V9.55, COMPILATION OF MODULE SERIAL
OBJECT MODULE PLACED IN .\Objects\serial.obj
COMPILER INVOKED BY: C:\Keil_v5\C51\BIN\C51.EXE USER\serial.c OPTIMIZE(9,SPEED) BROWSE INCDIR(.\driver;.\F33x;.\RFFC) DE
                    -BUG OBJECTEXTEND PRINT(.\Listings\serial.lst) TABS(2) OBJECT(.\Objects\serial.obj)

line level    source

   1          /****************************************************************
   2          *
   3          *UART0
   4          *****************************************************************/ 
   5          #include "serial.h"
   6          U8 idata ReceiveFrame[20];    //依次为状态,数据,
   7          U8 idata SendFrame[20];       //依次为状态,数据,
   8          U8 idata SendCount;             //发送字节数
   9          U8 idata TotalSendCount;        //发送总数
  10          U8 idata ReceiveCount;        //接收字节数
  11          U8 idata TotalReceiveCount;     //接收字节数
  12          bit   bReceiveData;  //接收到数据 
  13          /****************************************************************
  14          *
  15          *UART0初始化函数
  16          *****************************************************************/
  17          void InitSerial(void)
  18          {
  19   1         SendCount=0;
  20   1         TotalSendCount=0;
  21   1         ReceiveCount=0;
  22   1         TotalReceiveCount=0;   
  23   1         bReceiveData = 0;
  24   1      }
  25          
  26          void Serial() interrupt 4
  27          {
  28   1        U8 ret;
  29   1        if(RI0==1)    //接收中断?
  30   1        {
  31   2          RI0=0;      
  32   2          ret = SBUF0;
  33   2      
  34   2          switch(ret)
  35   2          {
  36   3            case SOF: 
  37   3            {
  38   4              ReceiveFrame[0] = SOF;
  39   4              ReceiveCount  = 1;
  40   4              break;
  41   4            }
  42   3            case EOF: 
  43   3            {
  44   4                ReceiveFrame[ReceiveCount]  = EOF;
  45   4                TotalReceiveCount = ReceiveCount;
  46   4                ReceiveCount  = 0;  
  47   4                bReceiveData  = 1;
  48   4              break;
  49   4            }
  50   3            default :
  51   3            {
  52   4                if(ReceiveCount<20) //防止溢出
  53   4                {
  54   5                  ReceiveFrame[ReceiveCount]=ret;
C51 COMPILER V9.55   SERIAL                                                                06/14/2018 23:18:53 PAGE 2   

  55   5                  ReceiveCount++;
  56   5                }
  57   4                else
  58   4                {
  59   5                  ReceiveCount  = 0;
  60   5                }
  61   4                break;
  62   4            }
  63   3          }
  64   2        }
  65   1        if(TI0==1)
  66   1        {
  67   2          TI0 = 0;      
  68   2          if(SendCount < TotalSendCount)     
  69   2          {
  70   3              SBUF0=SendFrame[SendCount];
  71   3              SendCount++;
  72   3          }                 
  73   2        }
  74   1      }
  75          


MODULE INFORMATION:   STATIC OVERLAYABLE
   CODE SIZE        =    131    ----
   CONSTANT SIZE    =   ----    ----
   XDATA SIZE       =   ----    ----
   PDATA SIZE       =   ----    ----
   DATA SIZE        =   ----    ----
   IDATA SIZE       =     44    ----
   BIT SIZE         =      1    ----
END OF MODULE INFORMATION.


C51 COMPILATION COMPLETE.  0 WARNING(S),  0 ERROR(S)
